[A] fold 0: {'aug': {'F': 0.99209, 'FP_loss': 0.0028, 'FN_loss': 0.00512, 'singleton_FP_loss': 0.00104, 'S1_with_FP': 0.0086, 'S1_with_FN': 0.0498}, 'clean': {'F': 0.99209, 'FP_loss': 0.0028, 'FN_loss': 0.00512, 'singleton_FP_loss': 0.00104, 'S1_with_FP': 0.0086, 'S1_with_FN': 0.0498}}
[A] fold 8: {'aug': {'F': 0.99194, 'FP_loss': 0.00289, 'FN_loss': 0.00516, 'singleton_FP_loss': 0.00104, 'S1_with_FP': 0.0088, 'S1_with_FN': 0.0499}, 'clean': {'F': 0.99194, 'FP_loss': 0.00289, 'FN_loss': 0.00516, 'singleton_FP_loss': 0.00104, 'S1_with_FP': 0.0088, 'S1_with_FN': 0.0499}}
[A] fold 9: {'aug': {'F': 0.99207, 'FP_loss': 0.00296, 'FN_loss': 0.00497, 'singleton_FP_loss': 0.00099, 'S1_with_FP': 0.0091, 'S1_with_FN': 0.0491}, 'clean': {'F': 0.99207, 'FP_loss': 0.00296, 'FN_loss': 0.00497, 'singleton_FP_loss': 0.00099, 'S1_with_FP': 0.0091, 'S1_with_FN': 0.0491}}

[A] FN stage x offset (3 holdout folds):
[('1_not_retrieved', 19276), ('4_scored_low', 6046), ('5_decision_cut', 4325)]
[('1_not_retrieved', 'empty', 12694), ('1_not_retrieved', 'same', 2697), ('4_scored_low', 'same', 1925), ('1_not_retrieved', 'd100+', 1856), ('4_scored_low', 'empty', 1661), ('5_decision_cut', 'empty', 1427), ('5_decision_cut', 'same', 1365), ('4_scored_low', 'd100+', 1254), ('5_decision_cut', 'd100+', 869), ('1_not_retrieved', 'd10-99', 738), ('1_not_retrieved', '+k', 662), ('1_not_retrieved', '-k', 629), ('4_scored_low', '+k', 605), ('4_scored_low', 'd10-99', 507), ('5_decision_cut', 'd10-99', 343), ('5_decision_cut', '+k', 226)]
[('1_not_retrieved', 'N0_identical', 6097), ('1_not_retrieved', 'N6_word_swap', 4085), ('1_not_retrieved', 'N7_no_overlap', 3327), ('4_scored_low', 'N0_identical', 2376), ('1_not_retrieved', 'N5_typo_subst', 1510), ('5_decision_cut', 'N0_identical', 1414), ('1_not_retrieved', 'N3_extra_other', 1341), ('4_scored_low', 'N6_word_swap', 1269), ('1_not_retrieved', 'N2_extra_DESCRIPTOR', 1124), ('1_not_retrieved', 'N1_extra_noise', 1096), ('5_decision_cut', 'N6_word_swap', 927), ('4_scored_low', 'N7_no_overlap', 880)]

[A] FP by offset x name relation (real vs synthetic):
[(False, 'same', 2012), (False, 'empty', 1537), (False, 'd100+', 1023), (False, 'd10-99', 312), (False, '+k', 226), (False, '-k', 132)]
[(False, 'N0_identical', 2030), (False, 'N7_no_overlap', 908), (False, 'N6_word_swap', 890), (False, 'N5_typo_subst', 650), (False, 'N1_extra_noise', 309), (False, 'N3_extra_other', 228), (False, 'N4_dropped_words', 217), (False, 'N6_word_swap_DESC', 6), (False, 'N2_extra_DESCRIPTOR', 4)]

[A] calibration by category (p-bin -> mean p, true rate, n):
  same: [(0.0, 0.009999999776482582, 0.013, 11754), (1.0, 0.1459999978542328, 0.168, 768), (2.0, 0.24799999594688416, 0.236, 483), (3.0, 0.3479999899864197, 0.359, 395), (4.0, 0.44999998807907104, 0.46, 352), (5.0, 0.5540000200271606, 0.567, 344), (6.0, 0.6520000100135803, 0.67, 424), (7.0, 0.7540000081062317, 0.751, 627), (8.0, 0.8579999804496765, 0.874, 1291), (9.0, 0.9990000128746033, 0.999, 472591)]
  +k: [(0.0, 0.008999999612569809, 0.007, 7895), (1.0, 0.1459999978542328, 0.137, 336), (2.0, 0.24300000071525574, 0.266, 177), (3.0, 0.3499999940395355, 0.376, 101), (4.0, 0.44699999690055847, 0.438, 73), (5.0, 0.5509999990463257, 0.597, 67), (6.0, 0.6549999713897705, 0.606, 71), (7.0, 0.753000020980835, 0.782, 110), (8.0, 0.8579999804496765, 0.879, 165), (9.0, 0.9940000176429749, 0.996, 5215)]
  -k: [(0.0, 0.012000000104308128, 0.005, 402), (1.0, 0.15000000596046448, 0.167, 36), (2.0, 0.2549999952316284, 0.235, 34), (3.0, 0.35199999809265137, 0.19, 21), (4.0, 0.46399998664855957, 0.478, 23), (5.0, 0.5600000023841858, 0.464, 28), (6.0, 0.6549999713897705, 0.6, 30), (7.0, 0.7609999775886536, 0.731, 52), (8.0, 0.8569999933242798, 0.882, 85), (9.0, 0.9950000047683716, 0.997, 5072)]
  empty: [(0.0, 0.010999999940395355, 0.009, 10806), (1.0, 0.14499999582767487, 0.143, 649), (2.0, 0.24699999392032623, 0.274, 441), (3.0, 0.3490000069141388, 0.333, 363), (4.0, 0.44999998807907104, 0.462, 357), (5.0, 0.5509999990463257, 0.522, 372), (6.0, 0.6499999761581421, 0.641, 446), (7.0, 0.7540000081062317, 0.786, 569), (8.0, 0.859000027179718, 0.864, 975), (9.0, 0.996999979019165, 0.997, 85399)]
  d100+: [(0.0, 0.010999999940395355, 0.007, 9076), (1.0, 0.14300000667572021, 0.117, 643), (2.0, 0.24699999392032623, 0.255, 376), (3.0, 0.3479999899864197, 0.313, 265), (4.0, 0.4480000138282776, 0.442, 240), (5.0, 0.5519999861717224, 0.602, 241), (6.0, 0.6499999761581421, 0.65, 286), (7.0, 0.753000020980835, 0.748, 408), (8.0, 0.8579999804496765, 0.856, 679), (9.0, 0.9980000257492065, 0.998, 65593)]
  ALL: [(0.0, 0.009999999776482582, 0.009, 44178), (1.0, 0.14499999582767487, 0.143, 2689), (2.0, 0.24699999392032623, 0.251, 1658), (3.0, 0.3490000069141388, 0.337, 1248), (4.0, 0.44999998807907104, 0.461, 1133), (5.0, 0.5529999732971191, 0.555, 1144), (6.0, 0.6510000228881836, 0.654, 1351), (7.0, 0.7540000081062317, 0.764, 1893), (8.0, 0.8579999804496765, 0.867, 3435), (9.0, 0.9990000128746033, 0.999, 647734)]

[B] TEST US: {'pred_per_s1': 3.4114, 'plus_k': 33.31, 'minus_k': 19.68, 'promoted_k': 72.67, 'excess_total_k': 61.38}
   top excess categories (off, nrel, pred_k, train tp_k, excess_k, promoted_k):
     ('+k', 'N0_identical', 22.86, 11.28, 11.57, 11.51)
     ('empty', 'N0_identical', 264.11, 253.54, 10.57, 1.8)
     ('d100+', 'N0_identical', 189.48, 179.61, 9.86, 8.06)
     ('same', 'N6_word_swap', 319.57, 314.45, 5.12, 7.07)
     ('same', 'N7_no_overlap', 220.85, 216.4, 4.44, 4.3)
     ('same', 'N5_typo_subst', 154.22, 151.35, 2.87, 2.24)
     ('d10-99', 'N0_identical', 21.64, 19.04, 2.6, 3.36)
     ('d100+', 'N6_word_swap', 38.57, 36.17, 2.41, 3.61)
     ('d100+', 'N7_no_overlap', 24.31, 22.53, 1.78, 1.68)
     ('empty', 'N6_word_swap', 48.66, 47.04, 1.63, 2.9)
(Deprecated in version 1.0.0)
  cfg = xp.with_columns(pl.col("off").replace({"same": "S", "+k": "P", "-k": "M", "empty": "e"}, default="o").alias("k")) \
   S1 configurations per 1k: [('S', 464.79), ('Se', 234.71), ('So', 121.13), ('<none>', 57.28), ('Seo', 39.33), ('o', 21.2), ('e', 15.44), ('eo', 12.18), ('PS', 11.06), ('MS', 5.66)]

[B] TEST India: {'pred_per_s1': 3.3826, 'plus_k': 48.89, 'minus_k': 40.4, 'promoted_k': 118.35, 'excess_total_k': 48.13}
   top excess categories (off, nrel, pred_k, train tp_k, excess_k, promoted_k):
     ('empty', 'N0_identical', 353.53, 345.0, 8.53, 8.98)
     ('d100+', 'N0_identical', 282.06, 277.08, 4.98, 6.84)
     ('empty', 'N6_word_swap', 53.81, 49.11, 4.7, 7.93)
     ('d10-99', 'N0_identical', 94.97, 90.83, 4.14, 5.86)
     ('same', 'N5_typo_subst', 93.38, 89.59, 3.79, 2.76)
     ('+k', 'N0_identical', 32.17, 28.75, 3.42, 5.61)
     ('d100+', 'N6_word_swap', 45.78, 42.99, 2.79, 6.43)
     ('same', 'N1_extra_noise', 134.02, 131.26, 2.76, 2.24)
     ('d10-99', 'N6_word_swap', 16.16, 13.49, 2.67, 4.18)
     ('same', 'N6_word_swap', 222.7, 220.76, 1.94, 8.14)
   S1 configurations per 1k: [('S', 452.51), ('So', 183.6), ('e', 118.17), ('o', 57.56), ('<none>', 57.22), ('Se', 56.63), ('Seo', 16.84), ('PS', 16.31), ('MS', 13.02), ('eo', 7.8)]

[B] TEST France: {'pred_per_s1': 3.41, 'plus_k': 15.29, 'minus_k': 6.71, 'promoted_k': 142.02, 'excess_total_k': 59.92}
   top excess categories (off, nrel, pred_k, train tp_k, excess_k, promoted_k):
     ('same', 'N0_identical', 1935.56, 1513.2, 422.36, 2.41)
     ('same', 'N6_word_swap_DESC', 111.67, 0.01, 111.66, 20.04)
     ('same', 'N3_extra_other', 225.31, 118.29, 107.02, 9.65)
     ('same', 'N7_no_overlap', 283.41, 216.4, 67.01, 46.25)
     ('same', 'N2_extra_DESCRIPTOR', 32.22, 0.0, 32.22, 3.81)
     ('empty', 'N3_extra_other', 21.51, 5.55, 15.96, 7.61)
     ('empty', 'N6_word_swap_DESC', 8.1, 0.0, 8.1, 3.99)
     ('empty', 'N0_identical', 259.61, 253.54, 6.07, 2.54)
     ('empty', 'N2_extra_DESCRIPTOR', 4.41, 0.0, 4.41, 3.23)
     ('+k', 'N6_word_swap', 4.83, 2.17, 2.66, 3.57)
   S1 configurations per 1k: [('S', 709.55), ('Se', 179.13), ('<none>', 53.26), ('e', 22.2), ('So', 13.23), ('PS', 7.9), ('Seo', 3.21), ('MS', 2.72), ('PSe', 2.64), ('o', 2.29)]

[A/B] margins: share of S1 with a rejected candidate within 0.2 of the weakest accepted; weakest accepted < 0.9
[('test_France', 0.0135, 0.092, 3.527), ('test_India', 0.0045, 0.0554, 3.501), ('test_US', 0.0062, 0.0398, 3.568), ('train', 0.0023, 0.0279, 3.505)]
